// Jest Snapshot v1, https://goo.gl/fbAQLP

exports[`matches snapshot 1`] = `
<DocumentFragment>
  <div
    class="pt-5"
  >
    <section
      class="Home col-md-12 mt-5"
    >
      <div
        class="container text-center"
      >
        <h1
          class="mb-4 font-weight-bold"
        >
          Jobly
        </h1>
        <p
          class="lead"
        >
          All the jobs in one, convenient place.
        </p>
        <h2>
          Welcome Back!
        </h2>
      </div>
    </section>
  </div>
</DocumentFragment>
`;
