// Jest Snapshot v1, https://goo.gl/fbAQLP

exports[`matches snapshot 1`] = `
<DocumentFragment>
  <div
    class="Search mb-4"
  >
    <form
      class="form-inline"
    >
      <input
        class="form-control form-control-lg flex-grow-1"
        name="search"
        placeholder="Enter search term.."
        value=""
      />
      <button
        class="btn btn-lg btn-primary"
        type="submit"
      >
        Submit
      </button>
    </form>
  </div>
</DocumentFragment>
`;
